2026-09-06 11:21:56 +0000 [MT] Initial pipeline context: <IDEDistributionProcessingPipelineContext: 0xbc9b8e400; archive(resolved)="<IDEArchive: 0xbcbce0070>", distributionTask(resolved)="2", distributionDestination(resolved)="1", distributionMethod(resolved)="<IDEDistributionMethodDeveloperID: 0xbca5c79d0>", team(resolved)="<IDEProvisioningBasicTeam: 0xbc94629c0; teamID='67DVMQ4BKC', teamName='(null)'>">
	Chain (12, self inclusive):
	<IDEDistributionProcessingPipelineContext: 0xbc9b8e400; archive = "<IDEArchive: 0xbcbce0070>", distributionMethod="<IDEDistributionMethodDeveloperID: 0xbca5c79d0>", team="<IDEProvisioningBasicTeam: 0xbc94629c0; teamID='67DVMQ4BKC', teamName='(null)'>">
	<IDEDistributionProcessingPipelineContext: 0xbc9b8de00; archive = "<IDEArchive: 0xbcbce0070>", distributionMethod="<IDEDistributionMethodDeveloperID: 0xbca5c79d0>", team="<IDEProvisioningBasicTeam: 0xbc94629c0; teamID='67DVMQ4BKC', teamName='(null)'>">
	<IDEDistributionContext: 0xbcbdf1e00; archive = "<IDEArchive: 0xbcbce0070>", distributionMethod="<IDEDistributionMethodDeveloperID: 0xbca5c79d0>", team="<IDEProvisioningBasicTeam: 0xbc94629c0; teamID='67DVMQ4BKC', teamName='(null)'>">
	<IDEDistributionContext: 0xbcbdf1b80; archive = "<IDEArchive: 0xbcbce0070>", distributionMethod="<IDEDistributionMethodDeveloperID: 0xbca5c79d0>", team="<IDEProvisioningBasicTeam: 0xbc94629c0; teamID='67DVMQ4BKC', teamName='(null)'>">
	<IDEDistributionContext: 0xbcbdf1900; archive = "<IDEArchive: 0xbcbce0070>", distributionMethod="<IDEDistributionMethodDeveloperID: 0xbca5c79d0>", team="<IDEProvisioningBasicTeam: 0xbc94629c0; teamID='67DVMQ4BKC', teamName='(null)'>">
	<IDEDistributionContext: 0xbcbdf1680; archive = "<IDEArchive: 0xbcbce0070>", distributionMethod="<IDEDistributionMethodDeveloperID: 0xbca5c79d0>", team="<IDEProvisioningBasicTeam: 0xbc94629c0; teamID='67DVMQ4BKC', teamName='(null)'>">
	<IDEDistributionContext: 0xbcbdf0780; archive = "<IDEArchive: 0xbcbce0070>", distributionMethod="<IDEDistributionMethodDeveloperID: 0xbca5c79d0>", team="<IDEProvisioningBasicTeam: 0xbc94629c0; teamID='67DVMQ4BKC', teamName='(null)'>">
	<IDEDistributionContext: 0xbcbdf0500; archive = "<IDEArchive: 0xbcbce0070>", distributionMethod="<IDEDistributionMethodDeveloperID: 0xbca5c79d0>", team="<IDEProvisioningBasicTeam: 0xbc94629c0; teamID='67DVMQ4BKC', teamName='(null)'>">
	<IDEDistributionContext: 0xbcbdf0280; archive = "<IDEArchive: 0xbcbce0070>", distributionMethod="<IDEDistributionMethodDeveloperID: 0xbca5c79d0>", team="<IDEProvisioningBasicTeam: 0xbc94629c0; teamID='67DVMQ4BKC', teamName='(null)'>">
	<IDEDistributionContext: 0xbcbdf0000; archive = "<IDEArchive: 0xbcbce0070>", distributionMethod="<IDEDistributionMethodDeveloperID: 0xbca5c79d0>", team="(null)">
	<IDEDistributionContext: 0x1056f6830; archive = "<IDEArchive: 0xbcbce0070>", distributionMethod="<IDEDistributionMethodDeveloperID: 0xbca5c79d0>", team="(null)">
	<IDEDistributionContext: 0x105721630; archive = "<IDEArchive: 0xbcbce0070>", distributionMethod="(null)", team="(null)">
</IDEDistributionProcessingPipelineContext: 0xbc9b8e400>
2026-09-06 11:21:56 +0000 [MT] Processing step: IDEDistributionCreateDestRootStep
2026-09-06 11:21:56 +0000 [MT] Processing step: IDEDistributionCopyItemStep
2026-09-06 11:21:56 +0000 [MT] Running /usr/bin/ditto '-V' '/Users/gabrieldias/projetos/Espaco/dist/Espaco.xcarchive/Products/Applications/Espaco.app' '/var/folders/ng/lv_86wqd1tzf4lr7x2sx022c0000gn/T/XcodeDistPipeline.~~~ru7C2k/Root/Applications/Espaco.app'
2026-09-06 11:21:56 +0000  >>> Copying /Users/gabrieldias/projetos/Espaco/dist/Espaco.xcarchive/Products/Applications/Espaco.app 
2026-09-06 11:21:56 +0000  copying file ./Contents/_CodeSignature/CodeResources ... 
2026-09-06 11:21:56 +0000  2672 bytes for ./Contents/_CodeSignature/CodeResources
2026-09-06 11:21:56 +0000  copying file ./Contents/MacOS/Espaco ... 
2026-09-06 11:21:56 +0000  2568272 bytes for ./Contents/MacOS/Espaco
2026-09-06 11:21:56 +0000  copying file ./Contents/Resources/AppIcon.icns ... 
2026-09-06 11:21:56 +0000  70937 bytes for ./Contents/Resources/AppIcon.icns
2026-09-06 11:21:56 +0000  copying file ./Contents/Resources/Assets.car ... 
2026-09-06 11:21:56 +0000  907448 bytes for ./Contents/Resources/Assets.car
2026-09-06 11:21:56 +0000  copying file ./Contents/Info.plist ... 
2026-09-06 11:21:56 +0000  1449 bytes for ./Contents/Info.plist
2026-09-06 11:21:56 +0000  copying file ./Contents/PkgInfo ... 
2026-09-06 11:21:56 +0000  8 bytes for ./Contents/PkgInfo
2026-09-06 11:21:56 +0000 [MT] /usr/bin/ditto exited with 0
2026-09-06 11:21:56 +0000 [MT] Processing step: IDEDistributionEmbedProfileStep
2026-09-06 11:21:56 +0000 [MT] Skipping profile for item: <IDEDistributionItem: 0xbc942f480; bundleID='com.diaselegaletalvez.Espaco', path='<DVTFilePath:0xbc942d6e0:'/Users/gabrieldias/projetos/Espaco/dist/Espaco.xcarchive/Products/Applications/Espaco.app'>', codeSigningInfo='<_DVTCodeSigningInformation_Path: 0xbc942f420; isSigned='1', isAdHocSigned='0', signingCertificate='<DVTSigningCertificate: 0xbc991fb40; name='Apple Development: Leonardo Duarte Dias (DP4Y43J3V5)', hash='4440525F18A77EDD906EDF0C2832CF1A6B42CD34', serialNumber='5ED009CBDD38848EA4C2FD713FCBF9E5', certificateKinds='(
    "1.2.840.113635.100.6.1.12",
    "1.2.840.113635.100.6.1.2"
), issueDate='2026-08-01 14:26:54 +0000''>', entitlements='{
}', teamID='67DVMQ4BKC', identifier='com.diaselegaletalvez.Espaco', executablePath='<DVTFilePath:0xbc942ed60:'/Users/gabrieldias/projetos/Espaco/dist/Espaco.xcarchive/Products/Applications/Espaco.app/Contents/MacOS/Espaco'>', hardenedRuntime='1'>'>
2026-09-06 11:21:56 +0000 [MT] Processing step: IDEDistributionInfoPlistStep
2026-09-06 11:21:56 +0000 [MT] Skipping step: IDEDistributionInfoPlistStep because it said so
2026-09-06 11:21:56 +0000 [MT] Processing step: IDEDistributionAppThinningPlistStep
2026-09-06 11:21:56 +0000 [MT] Processing step: IDEDistributionSymbolsStep
2026-09-06 11:21:56 +0000 [MT] Skipping step: IDEDistributionSymbolsStep because it said so
2026-09-06 11:21:56 +0000 [MT] Processing step: IDEDistributionAppThinningStep
2026-09-06 11:21:56 +0000 [MT] Skipping step: IDEDistributionAppThinningStep because it said so
2026-09-06 11:21:56 +0000 [MT] Processing step: IDEDistributionArchThinningStep
2026-09-06 11:21:56 +0000 [MT] Archs to thin for item /Users/gabrieldias/projetos/Espaco/dist/Espaco.xcarchive/Products/Applications/Espaco.app are []
2026-09-06 11:21:56 +0000 [MT] Processing step: IDEDistributionODRStep
2026-09-06 11:21:56 +0000 [MT] Processing step: IDEDistributionStripXattrsStep
2026-09-06 11:21:56 +0000 [MT] Skipping stripping extended attributes because the codesign step will strip them.
2026-09-06 11:21:56 +0000 [MT] Processing step: IDEDistributionCodesignStep
2026-09-06 11:21:56 +0000 [MT] Entitlements for <IDEDistributionItem: 0xbc942f480; bundleID='com.diaselegaletalvez.Espaco', path='<DVTFilePath:0xbc942d6e0:'/Users/gabrieldias/projetos/Espaco/dist/Espaco.xcarchive/Products/Applications/Espaco.app'>', codeSigningInfo='<_DVTCodeSigningInformation_Path: 0xbc942f420; isSigned='1', isAdHocSigned='0', signingCertificate='<DVTSigningCertificate: 0xbc991fb40; name='Apple Development: Leonardo Duarte Dias (DP4Y43J3V5)', hash='4440525F18A77EDD906EDF0C2832CF1A6B42CD34', serialNumber='5ED009CBDD38848EA4C2FD713FCBF9E5', certificateKinds='(
    "1.2.840.113635.100.6.1.12",
    "1.2.840.113635.100.6.1.2"
), issueDate='2026-08-01 14:26:54 +0000''>', entitlements='{
}', teamID='67DVMQ4BKC', identifier='com.diaselegaletalvez.Espaco', executablePath='<DVTFilePath:0xbc942ed60:'/Users/gabrieldias/projetos/Espaco/dist/Espaco.xcarchive/Products/Applications/Espaco.app/Contents/MacOS/Espaco'>', hardenedRuntime='1'>'>: {
}
2026-09-06 11:21:56 +0000 [MT] Associated App Clip Identifiers Filter: Skipping because "com.apple.developer.associated-appclip-app-identifiers" is not present
2026-09-06 11:21:56 +0000 [MT] Entitlements for <IDEDistributionItem: 0xbc942f480; bundleID='com.diaselegaletalvez.Espaco', path='<DVTFilePath:0xbc942d6e0:'/Users/gabrieldias/projetos/Espaco/dist/Espaco.xcarchive/Products/Applications/Espaco.app'>', codeSigningInfo='<_DVTCodeSigningInformation_Path: 0xbc942f420; isSigned='1', isAdHocSigned='0', signingCertificate='<DVTSigningCertificate: 0xbc991f780; name='Apple Development: Leonardo Duarte Dias (DP4Y43J3V5)', hash='4440525F18A77EDD906EDF0C2832CF1A6B42CD34', serialNumber='5ED009CBDD38848EA4C2FD713FCBF9E5', certificateKinds='(
    "1.2.840.113635.100.6.1.12",
    "1.2.840.113635.100.6.1.2"
), issueDate='2026-08-01 14:26:54 +0000''>', entitlements='{
}', teamID='67DVMQ4BKC', identifier='com.diaselegaletalvez.Espaco', executablePath='<DVTFilePath:0xbc942ed60:'/Users/gabrieldias/projetos/Espaco/dist/Espaco.xcarchive/Products/Applications/Espaco.app/Contents/MacOS/Espaco'>', hardenedRuntime='1'>'> are: {
}
2026-09-06 11:21:56 +0000 [MT] Writing entitlements for <IDEDistributionItem: 0xbc942f480; bundleID='com.diaselegaletalvez.Espaco', path='<DVTFilePath:0xbc942d6e0:'/Users/gabrieldias/projetos/Espaco/dist/Espaco.xcarchive/Products/Applications/Espaco.app'>', codeSigningInfo='<_DVTCodeSigningInformation_Path: 0xbc942f420; isSigned='1', isAdHocSigned='0', signingCertificate='<DVTSigningCertificate: 0xbc991f780; name='Apple Development: Leonardo Duarte Dias (DP4Y43J3V5)', hash='4440525F18A77EDD906EDF0C2832CF1A6B42CD34', serialNumber='5ED009CBDD38848EA4C2FD713FCBF9E5', certificateKinds='(
    "1.2.840.113635.100.6.1.12",
    "1.2.840.113635.100.6.1.2"
), issueDate='2026-08-01 14:26:54 +0000''>', entitlements='{
}', teamID='67DVMQ4BKC', identifier='com.diaselegaletalvez.Espaco', executablePath='<DVTFilePath:0xbc942ed60:'/Users/gabrieldias/projetos/Espaco/dist/Espaco.xcarchive/Products/Applications/Espaco.app/Contents/MacOS/Espaco'>', hardenedRuntime='1'>'> to: /var/folders/ng/lv_86wqd1tzf4lr7x2sx022c0000gn/T/XcodeDistPipeline.~~~ru7C2k/entitlements~~~ard01F
2026-09-06 11:21:56 +0000 [MT] invoking codesign: <NSConcreteTask: 0xbcbfda3a0; launchPath='/usr/bin/codesign', arguments='(
    "-f",
    "-s",
    A20A9850433711DE02053A5F806BED1F37D201B7,
    "--entitlements",
    "/var/folders/ng/lv_86wqd1tzf4lr7x2sx022c0000gn/T/XcodeDistPipeline.~~~ru7C2k/entitlements~~~ard01F",
    "--requirements",
    "=designated => anchor apple generic  and identifier \"$self.identifier\" and ((cert leaf[field.1.2.840.113635.100.6.1.9] exists) or ( certificate 1[field.1.2.840.113635.100.6.2.6] exists and certificate leaf[field.1.2.840.113635.100.6.1.13] exists  and certificate leaf[subject.OU] = \"67DVMQ4BKC\" ))",
    "--preserve-metadata=identifier,flags,runtime,launch-constraints,library-constraints",
    "--generate-entitlement-der",
    "--strip-disallowed-xattrs",
    "-vvv",
    "/var/folders/ng/lv_86wqd1tzf4lr7x2sx022c0000gn/T/XcodeDistPipeline.~~~ru7C2k/Root/Applications/Espaco.app"
)'>
2026-09-06 11:21:57 +0000 [MT] codesign output: /var/folders/ng/lv_86wqd1tzf4lr7x2sx022c0000gn/T/XcodeDistPipeline.~~~ru7C2k/Root/Applications/Espaco.app: replacing existing signature
/var/folders/ng/lv_86wqd1tzf4lr7x2sx022c0000gn/T/XcodeDistPipeline.~~~ru7C2k/Root/Applications/Espaco.app: signed app bundle with Mach-O universal (x86_64 arm64) [com.diaselegaletalvez.Espaco]
2026-09-06 11:21:57 +0000 [MT] Processing step: IDEDistributionZipODRItemStep
2026-09-06 11:21:57 +0000 [MT] Skipping step: IDEDistributionZipODRItemStep because it said so
2026-09-06 11:21:57 +0000 [MT] Processing step: IDEDistributionSkipPackagingStep
2026-09-06 11:21:57 +0000 [MT] Processing step: IDEDistributionAppStoreInformationStep
2026-09-06 11:21:57 +0000 [MT] Skipping step: IDEDistributionAppStoreInformationStep because it said so
2026-09-06 11:21:57 +0000 [MT] Processing step: IDEDistributionGenerateProcessedDistributionItems
2026-09-06 11:21:57 +0000 [MT] IDEDistributionItem init <DVTFilePath:0xbc95eca80:'/var/folders/ng/lv_86wqd1tzf4lr7x2sx022c0000gn/T/XcodeDistPipeline.~~~ru7C2k/Root/Applications/Espaco.app'>
2026-09-06 11:21:57 +0000 [MT] [OPTIONAL] Didn't find embedded provisioning profile for <DVTFilePath:0xbc95eca80:'/var/folders/ng/lv_86wqd1tzf4lr7x2sx022c0000gn/T/XcodeDistPipeline.~~~ru7C2k/Root/Applications/Espaco.app'>: Error Domain=NSCocoaErrorDomain Code=4 "No file at <DVTFilePath:0xbcbf616c0:'/var/folders/ng/lv_86wqd1tzf4lr7x2sx022c0000gn/T/XcodeDistPipeline.~~~ru7C2k/Root/Applications/Espaco.app/Contents/embedded.provisionprofile'>" UserInfo={NSLocalizedDescription=No file at <DVTFilePath:0xbcbf616c0:'/var/folders/ng/lv_86wqd1tzf4lr7x2sx022c0000gn/T/XcodeDistPipeline.~~~ru7C2k/Root/Applications/Espaco.app/Contents/embedded.provisionprofile'>}
2026-09-06 11:21:57 +0000 [MT] Processing step: IDEDistributionCreateManifestStep
2026-09-06 11:21:57 +0000 [MT] Skipping step: IDEDistributionCreateManifestStep because it said so
